// Jest Snapshot v1, https://goo.gl/fbAQLP

exports[`Evaluation page matches snapshot 1`] = `
[
  <div
    data-testid="mock-header"
  >
    Mock Header
  </div>,
  <h1>
    Request an Evaluation
  </h1>,
  <div
    data-testid="mock-company-evaluation-form"
  >
    Mock Company Evaluation Form
  </div>,
]
`;
