// Jest Snapshot v1, https://goo.gl/fbAQLP

exports[`EvaluationSuccess component matches snapshot 1`] = `
[
  <header>
    <nav />
  </header>,
  <div
    className="EvaluationSuccess"
  >
    <h2>
      Evaluation Successful!
    </h2>
  </div>,
]
`;
